       4s  RSS      278 MB  ô cache      525,869  byte/ô      554
       8s  RSS      464 MB  ô cache      896,020  byte/ô      543
      12s  RSS      599 MB  ô cache    1,169,753  byte/ô      537
      16s  RSS      718 MB  ô cache    1,354,757  byte/ô      555
      20s  RSS      866 MB  ô cache    1,591,879  byte/ô      570
      25s  RSS      185 MB  ô cache       11,366  byte/ô    17108
      29s  RSS      415 MB  ô cache      648,938  byte/ô      671
      33s  RSS      675 MB  ô cache    1,214,882  byte/ô      582
      37s  RSS      939 MB  ô cache    1,649,944  byte/ô      597
      41s  RSS      231 MB  ô cache      177,596  byte/ô     1362
      45s  RSS      432 MB  ô cache      668,295  byte/ô      678
      49s  RSS      647 MB  ô cache    1,012,273  byte/ô      670
      54s  RSS      874 MB  ô cache    1,529,100  byte/ô      599
      58s  RSS      221 MB  ô cache      181,049  byte/ô     1281
      62s  RSS      453 MB  ô cache      697,735  byte/ô      680
      66s  RSS      658 MB  ô cache    1,091,319  byte/ô      632
      70s  RSS      815 MB  ô cache    1,532,315  byte/ô      558
      74s  RSS     1034 MB  ô cache            0  byte/ô        0
      78s  RSS      339 MB  ô cache      646,228  byte/ô      549
      83s  RSS      598 MB  ô cache    1,162,240  byte/ô      539
      87s  RSS      871 MB  ô cache    1,637,300  byte/ô      558
      91s  RSS      431 MB  ô cache        8,316  byte/ô    54341
      95s  RSS      337 MB  ô cache      596,113  byte/ô      593
      99s  RSS      560 MB  ô cache    1,032,997  byte/ô      568
     103s  RSS      786 MB  ô cache    1,574,297  byte/ô      523
     107s  RSS      266 MB  ô cache      186,236  byte/ô     1498
     111s  RSS      436 MB  ô cache      784,456  byte/ô      583
     116s  RSS      619 MB  ô cache    1,267,701  byte/ô      512
     120s  RSS      849 MB  ô cache    1,735,375  byte/ô      513
     124s  RSS      259 MB  ô cache      212,034  byte/ô     1279
     128s  RSS      451 MB  ô cache      723,905  byte/ô      653
     132s  RSS      597 MB  ô cache    1,178,830  byte/ô      531
     136s  RSS      905 MB  ô cache    1,688,060  byte/ô      562
     140s  RSS      322 MB  ô cache      349,693  byte/ô      964
